<?xml version="1.0" encoding="UTF-8"?>
<testsuites name="jest tests" tests="2" failures="0" errors="0" time="1.801">
  <testsuite name="Banner Component" errors="0" failures="0" skipped="0" timestamp="2025-03-04T05:10:52" time="1.171" tests="2">
    <testcase classname="Banner Component renders with default props" name="Banner Component renders with default props" time="0.13">
    </testcase>
    <testcase classname="Banner Component renders with custom props" name="Banner Component renders with custom props" time="0.004">
    </testcase>
  </testsuite>
</testsuites>